src/frontend/components/Canvas/DataCanvas/ApiList.tsx(7,38): error TS6133: 'useCallback' is declared but its value is never read.
src/frontend/components/Editors/SchemaEditor.tsx(20,40): error TS6133: 'RelationSchema' is declared but its value is never read.
src/frontend/components/Pages/DiagramsPage.tsx(14,1): error TS6133: 'useToast' is declared but its value is never read.
src/frontend/hooks/useHttpApi.ts(5,53): error TS6133: 'DiagramEntry' is declared but its value is never read.
